2026-08-18T13:04:54Z INF Thank you for trying Cloudflare Tunnel. Doing so, without a Cloudflare account, is a quick way to experiment and try it out. However, be aware that these account-less Tunnels have no uptime guarantee, are subject to the Cloudflare Online Services Terms of Use (https://www.cloudflare.com/website-terms/), and Cloudflare reserves the right to investigate your use of Tunnels for violations of such terms. If you intend to use Tunnels in production you should use a pre-created named tunnel by following: https://developers.cloudflare.com/cloudflare-one/connections/connect-apps
2026-08-18T13:04:54Z INF Requesting new quick Tunnel on trycloudflare.com...
2026-08-18T13:05:07Z INF Thank you for trying Cloudflare Tunnel. Doing so, without a Cloudflare account, is a quick way to experiment and try it out. However, be aware that these account-less Tunnels have no uptime guarantee, are subject to the Cloudflare Online Services Terms of Use (https://www.cloudflare.com/website-terms/), and Cloudflare reserves the right to investigate your use of Tunnels for violations of such terms. If you intend to use Tunnels in production you should use a pre-created named tunnel by following: https://developers.cloudflare.com/cloudflare-one/connections/connect-apps
2026-08-18T13:05:07Z INF Requesting new quick Tunnel on trycloudflare.com...
2026-08-18T13:05:15Z INF +--------------------------------------------------------------------------------------------+
2026-08-18T13:05:15Z INF |  Your quick Tunnel has been created! Visit it at (it may take some time to be reachable):  |
2026-08-18T13:05:15Z INF |  https://mate-levels-certificate-divine.trycloudflare.com                                  |
2026-08-18T13:05:15Z INF +--------------------------------------------------------------------------------------------+
2026-08-18T13:05:15Z INF Cannot determine default configuration path. No file [config.yml config.yaml] in [~/.cloudflared ~/.cloudflare-warp ~/cloudflare-warp]
2026-08-18T13:05:15Z INF Version 2026.7.3 (Checksum 8635da433b6df8194746e88ed9d2589566c20e38bfc2a80e431a348b7c765841)
2026-08-18T13:05:15Z INF GOOS: windows, GOVersion: go1.26.4, GoArch: amd64
2026-08-18T13:05:15Z INF Settings: map[ha-connections:1 no-tls-verify:true protocol:quic url:https://localhost:8443]
2026-08-18T13:05:15Z INF cloudflared will not automatically update on Windows systems.
2026-08-18T13:05:15Z INF Generated Connector ID: 8607c701-a253-4b9d-b71d-6737e35ab33a
2026-08-18T13:05:15Z INF Initial protocol quic
2026-08-18T13:05:15Z INF ICMP proxy will use 192.168.1.161 as source for IPv4
2026-08-18T13:05:15Z INF ICMP proxy will use fde2:a303:e2e:c900:eba4:22f8:b5e2:ba5f in zone Wi-Fi as source for IPv6
2026-08-18T13:05:15Z INF cloudflared does not support loading the system root certificate pool on Windows. Please use --origin-ca-pool <PATH> to specify the path to the certificate pool
2026-08-18T13:05:15Z INF ICMP proxy will use 192.168.1.161 as source for IPv4
2026-08-18T13:05:15Z INF Tunnel connection curve preferences: [X25519MLKEM768 CurveID(65074) CurveP256] connIndex=0 event=0 ip=198.41.192.167
2026-08-18T13:05:15Z INF ICMP proxy will use fde2:a303:e2e:c900:eba4:22f8:b5e2:ba5f in zone Wi-Fi as source for IPv6
2026-08-18T13:05:15Z INF Starting metrics server on 127.0.0.1:20241/metrics
2026-08-18T13:05:16Z INF Registered tunnel connection connIndex=0 connection=3ed0591e-1e05-4bdb-b616-95e4da495ea0 event=0 ip=198.41.192.167 location=mrs01 protocol=quic
2026-08-18T13:05:22Z INF +-------------------------------------------------------------------------------------+
2026-08-18T13:05:22Z INF |                               CONNECTIVITY PRE-CHECKS                               |
2026-08-18T13:05:22Z INF +-------------------------------------------------------------------------------------+
2026-08-18T13:05:22Z INF |  COMPONENT         TARGET                     STATUS  DETAILS                       |
2026-08-18T13:05:22Z INF |  DNS Resolution    region1.v2.argotunnel.com  PASS    DNS Resolved successfully     |
2026-08-18T13:05:22Z INF |  DNS Resolution    region2.v2.argotunnel.com  PASS    DNS Resolved successfully     |
2026-08-18T13:05:22Z INF |  UDP Connectivity  region1.v2.argotunnel.com  PASS    QUIC connection successful    |
2026-08-18T13:05:22Z INF |  UDP Connectivity  region2.v2.argotunnel.com  PASS    QUIC connection successful    |
2026-08-18T13:05:22Z INF |  TCP Connectivity  region1.v2.argotunnel.com  PASS    HTTP/2 connection successful  |
2026-08-18T13:05:22Z INF |  TCP Connectivity  region2.v2.argotunnel.com  PASS    HTTP/2 connection successful  |
2026-08-18T13:05:22Z INF |  Cloudflare API    api.cloudflare.com:443     PASS    API is reachable              |
2026-08-18T13:05:22Z INF |                                                                                     |
2026-08-18T13:05:22Z INF |  SUMMARY: Environment is healthy. cloudflared will use 'quic' as primary protocol.  |
2026-08-18T13:05:22Z INF +-------------------------------------------------------------------------------------+
2026-08-18T13:05:22Z INF precheck component="DNS Resolution" details="DNS Resolved successfully" run_id=eca8206c-126f-46d3-b853-9b56a63ce2f4 status=pass target=region1.v2.argotunnel.com
2026-08-18T13:05:22Z INF precheck component="DNS Resolution" details="DNS Resolved successfully" run_id=eca8206c-126f-46d3-b853-9b56a63ce2f4 status=pass target=region2.v2.argotunnel.com
2026-08-18T13:05:22Z INF precheck component="UDP Connectivity" details="QUIC connection successful" run_id=eca8206c-126f-46d3-b853-9b56a63ce2f4 status=pass target=region1.v2.argotunnel.com
2026-08-18T13:05:22Z INF precheck component="UDP Connectivity" details="QUIC connection successful" run_id=eca8206c-126f-46d3-b853-9b56a63ce2f4 status=pass target=region2.v2.argotunnel.com
2026-08-18T13:05:22Z INF precheck component="TCP Connectivity" details="HTTP/2 connection successful" run_id=eca8206c-126f-46d3-b853-9b56a63ce2f4 status=pass target=region1.v2.argotunnel.com
2026-08-18T13:05:22Z INF precheck component="TCP Connectivity" details="HTTP/2 connection successful" run_id=eca8206c-126f-46d3-b853-9b56a63ce2f4 status=pass target=region2.v2.argotunnel.com
2026-08-18T13:05:22Z INF precheck component="Cloudflare API" details="API is reachable" run_id=eca8206c-126f-46d3-b853-9b56a63ce2f4 status=pass target=api.cloudflare.com:443
2026-08-18T13:05:22Z INF precheck complete hard_fail=false run_id=eca8206c-126f-46d3-b853-9b56a63ce2f4 suggested_protocol=quic
